Archive member included because of file (symbol)

c:/winavr-20081205/bin/../lib/gcc/avr/4.3.2/avr51\libgcc.a(_divmodhi4.o)
                              termproject_12.o (__divmodhi4)
c:/winavr-20081205/bin/../lib/gcc/avr/4.3.2/avr51\libgcc.a(_exit.o)
                              c:/winavr-20081205/bin/../lib/gcc/avr/4.3.2/../../../../avr/lib/avr51/crtm128.o (exit)
c:/winavr-20081205/bin/../lib/gcc/avr/4.3.2/avr51\libgcc.a(_clear_bss.o)
                              termproject_12.o (__do_clear_bss)
c:/winavr-20081205/bin/../lib/gcc/avr/4.3.2/avr51\libgcc.a(_udivmodhi4.o)
                              c:/winavr-20081205/bin/../lib/gcc/avr/4.3.2/avr51\libgcc.a(_divmodhi4.o) (__udivmodhi4)

Allocating common symbols
Common symbol       size              file

find_manager_password
                    0x6               termproject_12.o
usart0_rx_data      0x1               termproject_12.o
selected_locker     0x1               termproject_12.o
find_locker_password
                    0x3c              termproject_12.o
locker_password     0x3c              termproject_12.o
password_error_cnt  0xa               termproject_12.o
keeping_seconds     0x14              termproject_12.o

Memory Configuration

Name             Origin             Length             Attributes
text             0x00000000         0x00020000         xr
data             0x00800060         0x0000ffa0         rw !x
eeprom           0x00810000         0x00010000         rw !x
fuse             0x00820000         0x00000400         rw !x
lock             0x00830000         0x00000400         rw !x
signature        0x00840000         0x00000400         rw !x
*default*        0x00000000         0xffffffff

Linker script and memory map

Address of section .data set to 0x800100
LOAD c:/winavr-20081205/bin/../lib/gcc/avr/4.3.2/../../../../avr/lib/avr51/crtm128.o
LOAD termproject_12.o
LOAD c:/winavr-20081205/bin/../lib/gcc/avr/4.3.2/avr51\libgcc.a
LOAD c:/winavr-20081205/bin/../lib/gcc/avr/4.3.2/../../../../avr/lib/avr51\libc.a
LOAD c:/winavr-20081205/bin/../lib/gcc/avr/4.3.2/avr51\libgcc.a

.hash
 *(.hash)

.dynsym
 *(.dynsym)

.dynstr
 *(.dynstr)

.gnu.version
 *(.gnu.version)

.gnu.version_d
 *(.gnu.version_d)

.gnu.version_r
 *(.gnu.version_r)

.rel.init
 *(.rel.init)

.rela.init
 *(.rela.init)

.rel.text
 *(.rel.text)
 *(.rel.text.*)
 *(.rel.gnu.linkonce.t*)

.rela.text
 *(.rela.text)
 *(.rela.text.*)
 *(.rela.gnu.linkonce.t*)

.rel.fini
 *(.rel.fini)

.rela.fini
 *(.rela.fini)

.rel.rodata
 *(.rel.rodata)
 *(.rel.rodata.*)
 *(.rel.gnu.linkonce.r*)

.rela.rodata
 *(.rela.rodata)
 *(.rela.rodata.*)
 *(.rela.gnu.linkonce.r*)

.rel.data
 *(.rel.data)
 *(.rel.data.*)
 *(.rel.gnu.linkonce.d*)

.rela.data
 *(.rela.data)
 *(.rela.data.*)
 *(.rela.gnu.linkonce.d*)

.rel.ctors
 *(.rel.ctors)

.rela.ctors
 *(.rela.ctors)

.rel.dtors
 *(.rel.dtors)

.rela.dtors
 *(.rela.dtors)

.rel.got
 *(.rel.got)

.rela.got
 *(.rela.got)

.rel.bss
 *(.rel.bss)

.rela.bss
 *(.rela.bss)

.rel.plt
 *(.rel.plt)

.rela.plt
 *(.rela.plt)

.text           0x00000000     0x150e
 *(.vectors)
 .vectors       0x00000000       0x8c c:/winavr-20081205/bin/../lib/gcc/avr/4.3.2/../../../../avr/lib/avr51/crtm128.o
                0x00000000                __vectors
                0x00000000                __vector_default
 *(.vectors)
 *(.progmem.gcc*)
 *(.progmem*)
                0x0000008c                . = ALIGN (0x2)
                0x0000008c                __trampolines_start = .
 *(.trampolines)
 .trampolines   0x0000008c        0x0 linker stubs
 *(.trampolines*)
                0x0000008c                __trampolines_end = .
 *(.jumptables)
 *(.jumptables*)
 *(.lowtext)
 *(.lowtext*)
                0x0000008c                __ctors_start = .
 *(.ctors)
                0x0000008c                __ctors_end = .
                0x0000008c                __dtors_start = .
 *(.dtors)
                0x0000008c                __dtors_end = .
 SORT(*)(.ctors)
 SORT(*)(.dtors)
 *(.init0)
 .init0         0x0000008c        0x0 c:/winavr-20081205/bin/../lib/gcc/avr/4.3.2/../../../../avr/lib/avr51/crtm128.o
                0x0000008c                __init
 *(.init0)
 *(.init1)
 *(.init1)
 *(.init2)
 .init2         0x0000008c        0xc c:/winavr-20081205/bin/../lib/gcc/avr/4.3.2/../../../../avr/lib/avr51/crtm128.o
 *(.init2)
 *(.init3)
 *(.init3)
 *(.init4)
 .init4         0x00000098       0x1c c:/winavr-20081205/bin/../lib/gcc/avr/4.3.2/../../../../avr/lib/avr51/crtm128.o
                0x00000098                __do_copy_data
 .init4         0x000000b4       0x10 c:/winavr-20081205/bin/../lib/gcc/avr/4.3.2/avr51\libgcc.a(_clear_bss.o)
                0x000000b4                __do_clear_bss
 *(.init4)
 *(.init5)
 *(.init5)
 *(.init6)
 *(.init6)
 *(.init7)
 *(.init7)
 *(.init8)
 *(.init8)
 *(.init9)
 .init9         0x000000c4        0x8 c:/winavr-20081205/bin/../lib/gcc/avr/4.3.2/../../../../avr/lib/avr51/crtm128.o
 *(.init9)
 *(.text)
 .text          0x000000cc        0x4 c:/winavr-20081205/bin/../lib/gcc/avr/4.3.2/../../../../avr/lib/avr51/crtm128.o
                0x000000cc                __vector_22
                0x000000cc                __vector_28
                0x000000cc                __vector_1
                0x000000cc                __vector_32
                0x000000cc                __vector_34
                0x000000cc                __vector_24
                0x000000cc                __vector_12
                0x000000cc                __bad_interrupt
                0x000000cc                __vector_6
                0x000000cc                __vector_31
                0x000000cc                __vector_3
                0x000000cc                __vector_23
                0x000000cc                __vector_30
                0x000000cc                __vector_25
                0x000000cc                __vector_11
                0x000000cc                __vector_13
                0x000000cc                __vector_17
                0x000000cc                __vector_7
                0x000000cc                __vector_27
                0x000000cc                __vector_5
                0x000000cc                __vector_33
                0x000000cc                __vector_4
                0x000000cc                __vector_2
                0x000000cc                __vector_21
                0x000000cc                __vector_15
                0x000000cc                __vector_29
                0x000000cc                __vector_8
                0x000000cc                __vector_26
                0x000000cc                __vector_14
                0x000000cc                __vector_16
 .text          0x000000d0     0x13ec termproject_12.o
                0x00000450                cpu_init
                0x000004fa                usart01_setup
                0x000013c0                divide_seconds
                0x0000127c                set_mode
                0x00000550                __vector_19
                0x00001466                timer_counter2_setup
                0x0000149a                Ext_memory_setup
                0x000000d0                main
                0x000011a8                __vector_9
                0x00001212                __vector_10
                0x0000113c                __vector_18
                0x000010de                __vector_20
                0x000012ea                password_is_same
 .text          0x000014bc        0x0 c:/winavr-20081205/bin/../lib/gcc/avr/4.3.2/avr51\libgcc.a(_divmodhi4.o)
 .text          0x000014bc        0x0 c:/winavr-20081205/bin/../lib/gcc/avr/4.3.2/avr51\libgcc.a(_exit.o)
 .text          0x000014bc        0x0 c:/winavr-20081205/bin/../lib/gcc/avr/4.3.2/avr51\libgcc.a(_clear_bss.o)
 .text          0x000014bc        0x0 c:/winavr-20081205/bin/../lib/gcc/avr/4.3.2/avr51\libgcc.a(_udivmodhi4.o)
                0x000014bc                . = ALIGN (0x2)
 *(.text.*)
 .text.libgcc   0x000014bc       0x26 c:/winavr-20081205/bin/../lib/gcc/avr/4.3.2/avr51\libgcc.a(_divmodhi4.o)
                0x000014bc                __divmodhi4
                0x000014bc                _div
 .text.libgcc   0x000014e2        0x0 c:/winavr-20081205/bin/../lib/gcc/avr/4.3.2/avr51\libgcc.a(_exit.o)
 .text.libgcc   0x000014e2        0x0 c:/winavr-20081205/bin/../lib/gcc/avr/4.3.2/avr51\libgcc.a(_clear_bss.o)
 .text.libgcc   0x000014e2       0x28 c:/winavr-20081205/bin/../lib/gcc/avr/4.3.2/avr51\libgcc.a(_udivmodhi4.o)
                0x000014e2                __udivmodhi4
                0x0000150a                . = ALIGN (0x2)
 *(.fini9)
 .fini9         0x0000150a        0x0 c:/winavr-20081205/bin/../lib/gcc/avr/4.3.2/avr51\libgcc.a(_exit.o)
                0x0000150a                exit
                0x0000150a                _exit
 *(.fini9)
 *(.fini8)
 *(.fini8)
 *(.fini7)
 *(.fini7)
 *(.fini6)
 *(.fini6)
 *(.fini5)
 *(.fini5)
 *(.fini4)
 *(.fini4)
 *(.fini3)
 *(.fini3)
 *(.fini2)
 *(.fini2)
 *(.fini1)
 *(.fini1)
 *(.fini0)
 .fini0         0x0000150a        0x4 c:/winavr-20081205/bin/../lib/gcc/avr/4.3.2/avr51\libgcc.a(_exit.o)
 *(.fini0)
                0x0000150e                _etext = .

.data           0x00800100      0x32a load address 0x0000150e
                0x00800100                PROVIDE (__data_start, .)
 *(.data)
 .data          0x00800100        0x0 c:/winavr-20081205/bin/../lib/gcc/avr/4.3.2/../../../../avr/lib/avr51/crtm128.o
 .data          0x00800100      0x32a termproject_12.o
                0x008003fd                manager_password_wrong
                0x008003cc                password_same
                0x00800106                menu
                0x0080041f                locker_usage
                0x0080019c                keep
                0x00800254                manager
                0x00800429                locker_idx
                0x0080029c                in_manager
                0x0080030c                unlock
                0x00800100                manager_password
                0x008001f9                find
                0x008003a8                password_wrong
                0x0080033f                enterpass
                0x00800168                error
                0x0080038c                password_keep
 .data          0x0080042a        0x0 c:/winavr-20081205/bin/../lib/gcc/avr/4.3.2/avr51\libgcc.a(_divmodhi4.o)
 .data          0x0080042a        0x0 c:/winavr-20081205/bin/../lib/gcc/avr/4.3.2/avr51\libgcc.a(_exit.o)
 .data          0x0080042a        0x0 c:/winavr-20081205/bin/../lib/gcc/avr/4.3.2/avr51\libgcc.a(_clear_bss.o)
 .data          0x0080042a        0x0 c:/winavr-20081205/bin/../lib/gcc/avr/4.3.2/avr51\libgcc.a(_udivmodhi4.o)
 *(.data*)
 *(.rodata)
 *(.rodata*)
 *(.gnu.linkonce.d*)
                0x0080042a                . = ALIGN (0x2)
                0x0080042a                _edata = .
                0x0080042a                PROVIDE (__data_end, .)

.bss            0x0080042a       0xc1
                0x0080042a                PROVIDE (__bss_start, .)
 *(.bss)
 .bss           0x0080042a        0x0 c:/winavr-20081205/bin/../lib/gcc/avr/4.3.2/../../../../avr/lib/avr51/crtm128.o
 .bss           0x0080042a       0x23 termproject_12.o
                0x0080042c                usart0_tx_keep
                0x00800445                t
                0x00800449                j
                0x00800436                enterpass_mode
                0x00800441                tens_seconds
                0x00800431                menu_mode
                0x00800430                usart0_tx_enterpass
                0x0080044b                k
                0x0080042e                usart0_tx_manager
                0x0080043b                using_seconds
                0x00800434                find_mode
                0x0080043f                ones_minutes
                0x0080043d                tens_minutes
                0x00800447                i
                0x00800438                manager_password_idx
                0x0080042b                usart0_rx_eflg
                0x00800432                error_mode
                0x00800437                password_idx
                0x00800439                current_seconds
                0x0080042f                usart0_tx_error
                0x0080042a                usart0_tx_menu
                0x00800443                ones_seconds
                0x0080042d                usart0_tx_find
                0x00800433                keep_mode
                0x00800435                manager_mode
 .bss           0x0080044d        0x0 c:/winavr-20081205/bin/../lib/gcc/avr/4.3.2/avr51\libgcc.a(_divmodhi4.o)
 .bss           0x0080044d        0x0 c:/winavr-20081205/bin/../lib/gcc/avr/4.3.2/avr51\libgcc.a(_exit.o)
 .bss           0x0080044d        0x0 c:/winavr-20081205/bin/../lib/gcc/avr/4.3.2/avr51\libgcc.a(_clear_bss.o)
 .bss           0x0080044d        0x0 c:/winavr-20081205/bin/../lib/gcc/avr/4.3.2/avr51\libgcc.a(_udivmodhi4.o)
 *(.bss*)
 *(COMMON)
 COMMON         0x0080044d       0x9e termproject_12.o
                0x0080044d                find_manager_password
                0x00800453                usart0_rx_data
                0x00800454                selected_locker
                0x00800455                find_locker_password
                0x00800491                locker_password
                0x008004cd                password_error_cnt
                0x008004d7                keeping_seconds
                0x008004eb                PROVIDE (__bss_end, .)
                0x0000150e                __data_load_start = LOADADDR (.data)
                0x00001838                __data_load_end = (__data_load_start + SIZEOF (.data))

.noinit         0x008004eb        0x0
                0x008004eb                PROVIDE (__noinit_start, .)
 *(.noinit*)
                0x008004eb                PROVIDE (__noinit_end, .)
                0x008004eb                _end = .
                0x008004eb                PROVIDE (__heap_start, .)

.eeprom         0x00810000        0x0
 *(.eeprom*)
                0x00810000                __eeprom_end = .

.fuse
 *(.fuse)
 *(.lfuse)
 *(.hfuse)
 *(.efuse)

.lock
 *(.lock*)

.signature
 *(.signature*)

.stab
 *(.stab)

.stabstr
 *(.stabstr)

.stab.excl
 *(.stab.excl)

.stab.exclstr
 *(.stab.exclstr)

.stab.index
 *(.stab.index)

.stab.indexstr
 *(.stab.indexstr)

.comment
 *(.comment)

.debug
 *(.debug)

.line
 *(.line)

.debug_srcinfo
 *(.debug_srcinfo)

.debug_sfnames
 *(.debug_sfnames)

.debug_aranges  0x00000000       0x20
 *(.debug_aranges)
 .debug_aranges
                0x00000000       0x20 termproject_12.o

.debug_pubnames
                0x00000000      0x3fc
 *(.debug_pubnames)
 .debug_pubnames
                0x00000000      0x3fc termproject_12.o

.debug_info     0x00000000      0x6e0
 *(.debug_info)
 .debug_info    0x00000000      0x6e0 termproject_12.o
 *(.gnu.linkonce.wi.*)

.debug_abbrev   0x00000000      0x12f
 *(.debug_abbrev)
 .debug_abbrev  0x00000000      0x12f termproject_12.o

.debug_line     0x00000000      0xb68
 *(.debug_line)
 .debug_line    0x00000000      0xb68 termproject_12.o

.debug_frame    0x00000000       0xe0
 *(.debug_frame)
 .debug_frame   0x00000000       0xe0 termproject_12.o

.debug_str      0x00000000      0x35e
 *(.debug_str)
 .debug_str     0x00000000      0x35e termproject_12.o
                                0x410 (size before relaxing)

.debug_loc
 *(.debug_loc)

.debug_macinfo
 *(.debug_macinfo)
OUTPUT(termproject_12.elf elf32-avr)
LOAD linker stubs
